PS C:\Users\lizda\samurai_kadai> mkdir git_challenge

    Directory: C:\Users\lizda\samurai_kadai

Mode                 LastWriteTime         Length Name
----                 -------------         ------ ----
d----          2025/09/04    16:25                git_challenge

PS C:\Users\lizda\samurai_kadai> cd git_challenge
PS C:\Users\lizda\samurai_kadai\git_challenge> git init
Initialized empty Git repository in C:/Users/lizda/samurai_kadai/git_challenge/.git/
PS C:\Users\lizda\samurai_kadai\git_challenge> echo "Hello, world!" >> hello_world.txt

PS C:\Users\lizda\samurai_kadai\git_challenge> git add .        
PS C:\Users\lizda\samurai_kadai\git_challenge> git commit -m "hello_worldを追加"
[main (root-commit) 10b0ae4] hello_worldを追加
 1 file changed, 1 insertion(+)
 create mode 100644 hello_world.txt
PS C:\Users\lizda\samurai_kadai\git_challenge> echo "こんにちは、世界！" >> hello_world.txt

PS C:\Users\lizda\samurai_kadai\git_challenge> git add hello_world.txt
PS C:\Users\lizda\samurai_kadai\git_challenge> git commit -m "日本語訳を追記"
[main f9426be] 日本語訳を追記
 1 file changed, 1 insertion(+)
PS C:\Users\lizda\samurai_kadai\git_challenge> git status
On branch main
nothing to commit, working tree clean
PS C:\Users\lizda\samurai_kadai\git_challenge> git log --oneline
f9426be (HEAD -> main) 日本語訳を追記
10b0ae4 hello_worldを追加